parse successful
saw int 7
saw fixed x
saw rest: []
