parse successful
saw int 7
saw pre-optional x
saw fixed y
saw rest: []
